---
source: crates/parse/src/mcf/grammar/util.rs
expression: "test(\"-\", integer)"
---
Error `Error while parsing 'Integer'` at 0:0 - 0:0

