---
source: crates/parse/src/mcf/grammar/util.rs
expression: "test(\"namespace:path/to/thing\", resource_location)"
---
Joined(ResourceLocation) `namespace:path/to/thing` at 0:0 - 0:23

