---
source: crates/parse/src/mcf/grammar/json.rs
expression: "parse_json(\"false\")"
---
Joined(BooleanFalse) `false` at 0:0 - 0:5

