---
source: crates/mcf/src/syntax/grammar/util.rs
expression: "test(\"my_location\", resource_location)"
---
Joined(ResourceLocation) `my_location` at 0:0 - 0:11

