---
source: crates/mcf/src/syntax/grammar/json.rs
expression: "parse_json(\"null\")"
---
Root(File)
Joined(JsonNull) `null` at 0:0 - 0:4

