---
source: crates/mcf/src/syntax/grammar/util.rs
expression: "test(\"hello_world\", uq_string)"
---
Root(File)
Joined(UnquotedString) `hello_world` at 0:0 - 0:11

