---
source: crates/mcf/src/syntax/grammar/selector.rs
expression: "parse_selector(\"@e[\")"
---
Group(Selector) at 0:0 - 0:3 {
    Token(At) `@` at 0:0 - 0:1
    Joined(SelectorModE) `e` at 0:1 - 0:2
    Group(SelectorArgument) at 0:2 - 0:3 {
        Token(LBracket) `[` at 0:2 - 0:3
        Group(SelectorArgumentEntry) at 0:3 - 0:3 {
            Joined(UnquotedString) `` at 0:3 - 0:3
            Error `Expected one of '='` at 0:3 - 0:3
            Joined(ResourceLocation) `` at 0:3 - 0:3
        }
        Error `Expected one of ','` at 0:3 - 0:3
        Error `Expected one of ']'` at 0:3 - 0:3
    }
}

