---
source: crates/mcf/src/syntax/grammar/nbt.rs
expression: "parse_nbt(\".\")"
---
Root(File)
Joined(UnquotedString) `.` at 0:0 - 0:1

