---
source: crates/mcf/src/syntax/grammar/nbt.rs
expression: "parse_nbt(\"+2.718281828\")"
---
Root(File)
Group(NbtNumber) at 0:0 - 0:12 {
    Joined(Float) `+2.718281828` at 0:0 - 0:12
}

