---
source: crates/parse/src/lexer.rs
expression: "format_sk_list(tokenize_str(\"\\\"hello world\"))"
---
QuotedString `"hello world` at 0:0 - 0:12
Eof `` at 0:12 - 0:12

