---
source: crates/parse/src/lexer.rs
expression: "format_sk_list(tokenize_str(\"{ { { a } b c } d }\"))"
---
LCurly `{` at 0:0 - 0:1
Whitespace ` ` at 0:1 - 0:2
LCurly `{` at 0:2 - 0:3
Whitespace ` ` at 0:3 - 0:4
LCurly `{` at 0:4 - 0:5
Whitespace ` ` at 0:5 - 0:6
Word `a` at 0:6 - 0:7
Whitespace ` ` at 0:7 - 0:8
RCurly `}` at 0:8 - 0:9
Whitespace ` ` at 0:9 - 0:10
Word `b` at 0:10 - 0:11
Whitespace ` ` at 0:11 - 0:12
Word `c` at 0:12 - 0:13
Whitespace ` ` at 0:13 - 0:14
RCurly `}` at 0:14 - 0:15
Whitespace ` ` at 0:15 - 0:16
Word `d` at 0:16 - 0:17
Whitespace ` ` at 0:17 - 0:18
RCurly `}` at 0:18 - 0:19
Eof `` at 0:19 - 0:19

