---
source: crates/parse/src/grammar/json.rs
expression: "parse_json(\"true\")"
---
Joined(BooleanTrue) `true` at 0:0 - 0:4

