---
source: crates/parse/src/grammar/nbt.rs
expression: "parse_nbt(\".\")"
---
Joined(UnquotedString) `.` at 0:0 - 0:1

