---
source: crates/parse/src/grammar/nbt.rs
expression: "parse_path(\"[0]\")"
---
Group(NbtPath) at 0:0 - 0:3 {
    Group(NbtPathSegment) at 0:0 - 0:3 {
        Group(NbtPathIndex) at 0:0 - 0:3 {
            Token(LBracket) `[` at 0:0 - 0:1
            Joined(Integer) `0` at 0:1 - 0:2
            Token(RBracket) `]` at 0:2 - 0:3
        }
    }
}

