---
source: crates/parse/src/grammar/util.rs
expression: "test(\"hello_word; rest of input\", uq_string)"
---
Joined(UnquotedString) `hello_word` at 0:0 - 0:10

